
> edubridge-app@0.1.0 build
> next build

Γû▓ Next.js 16.2.1 (Turbopack)

  Creating an optimized production build ...
Turbopack build encountered 1 warnings:
[next]/internal/font/google/inter_fe8b9d92.module.css
Error while requesting resource
There was an issue establishing a connection while requesting https://fonts.googleapis.com/css2?family=Inter:wght@100..900&display=swap

Import trace:
  Server Component:
    [next]/internal/font/google/inter_fe8b9d92.module.css
    [next]/internal/font/google/inter_fe8b9d92.js
    ./src/app/layout.tsx



> Build error occurred
Error: Turbopack build failed with 5 errors:
./src/components/landing/Footer.tsx:3:1
Export Facebook doesn't exist in target module
  1 | import React from "react";
  2 | import Link from "next/link";
> 3 | import { Facebook, Twitter, Instagram, Linkedin, Mail, Phone } from "lucide-react";
    | ^^^^^^^^^^^^^^^^^^^^^^^^^^^^^^^^^^^^^^^^^^^^^^^^^^^^^^^^^^^^^^^^^^^^^^^^^^^^^^^^^^^
  4 |
  5 | export default function Footer() {
  6 |   return (

The export Facebook was not found in module [project]/node_modules/lucide-react/dist/esm/lucide-react.js [app-rsc] (ecmascript).
Did you mean to import Webhook?
All exports of the module are statically known (It doesn't have dynamic exports). So it's known statically that the requested export doesn't exist.

Import trace:
  Server Component:
    ./src/components/landing/Footer.tsx
    ./src/app/page.tsx


./src/components/landing/Footer.tsx:3:1
Export Instagram doesn't exist in target module
  1 | import React from "react";
  2 | import Link from "next/link";
> 3 | import { Facebook, Twitter, Instagram, Linkedin, Mail, Phone } from "lucide-react";
    | ^^^^^^^^^^^^^^^^^^^^^^^^^^^^^^^^^^^^^^^^^^^^^^^^^^^^^^^^^^^^^^^^^^^^^^^^^^^^^^^^^^^
  4 |
  5 | export default function Footer() {
  6 |   return (

The export Instagram was not found in module [project]/node_modules/lucide-react/dist/esm/lucide-react.js [app-rsc] (ecmascript).
Did you mean to import Star?
All exports of the module are statically known (It doesn't have dynamic exports). So it's known statically that the requested export doesn't exist.

Import trace:
  Server Component:
    ./src/components/landing/Footer.tsx
    ./src/app/page.tsx


./src/components/landing/Footer.tsx:3:1
Export Linkedin doesn't exist in target module
  1 | import React from "react";
  2 | import Link from "next/link";
> 3 | import { Facebook, Twitter, Instagram, Linkedin, Mail, Phone } from "lucide-react";
    | ^^^^^^^^^^^^^^^^^^^^^^^^^^^^^^^^^^^^^^^^^^^^^^^^^^^^^^^^^^^^^^^^^^^^^^^^^^^^^^^^^^^
  4 |
  5 | export default function Footer() {
  6 |   return (

The export Linkedin was not found in module [project]/node_modules/lucide-react/dist/esm/lucide-react.js [app-rsc] (ecmascript).
Did you mean to import Link?
All exports of the module are statically known (It doesn't have dynamic exports). So it's known statically that the requested export doesn't exist.

Import trace:
  Server Component:
    ./src/components/landing/Footer.tsx
    ./src/app/page.tsx


./src/components/landing/Footer.tsx:3:1
Export Twitter doesn't exist in target module
  1 | import React from "react";
  2 | import Link from "next/link";
> 3 | import { Facebook, Twitter, Instagram, Linkedin, Mail, Phone } from "lucide-react";
    | ^^^^^^^^^^^^^^^^^^^^^^^^^^^^^^^^^^^^^^^^^^^^^^^^^^^^^^^^^^^^^^^^^^^^^^^^^^^^^^^^^^^
  4 |
  5 | export default function Footer() {
  6 |   return (

The export Twitter was not found in module [project]/node_modules/lucide-react/dist/esm/lucide-react.js [app-rsc] (ecmascript).
Did you mean to import Timer?
All exports of the module are statically known (It doesn't have dynamic exports). So it's known statically that the requested export doesn't exist.

Import trace:
  Server Component:
    ./src/components/landing/Footer.tsx
    ./src/app/page.tsx


[next]/internal/font/google/inter_fe8b9d92.module.css
next/font: error:
Failed to fetch `Inter` from Google Fonts.

Import trace:
  Server Component:
    [next]/internal/font/google/inter_fe8b9d92.module.css
    [next]/internal/font/google/inter_fe8b9d92.js
    ./src/app/layout.tsx


    at <unknown> (./src/components/landing/Footer.tsx:3:1)
    at <unknown> (./src/components/landing/Footer.tsx:3:1)
    at <unknown> (./src/components/landing/Footer.tsx:3:1)
    at <unknown> (./src/components/landing/Footer.tsx:3:1)
